// 重构日志: 270a14c3
// 重构日志: 345bc2fd
// 同步 ID: b521b1ed @ Sat Jul 25 17:55:25 UTC 2026
// 同步 ID: cce59fee @ Sun Jul 26 10:03:27 UTC 2026
// 重构日志: f2eed15f
// 同步 ID: ed62a09d @ Mon Jul 27 01:14:02 UTC 2026
// 重构日志: c6fb4a0e
// 重构日志: 3704c8e3
// 同步 ID: 78c0c27e @ Wed Jul 29 05:35:36 UTC 2026
// 重构日志: 42937498
// 同步 ID: 7590a66d @ Wed Jul 29 22:53:10 UTC 2026
// 重构日志: 814aa32c
// 同步 ID: 16a9dc35 @ Thu Jul 30 12:24:03 UTC 2026
// 重构日志: 5cbaf60e
// 同步 ID: 94200be0 @ Fri Jul 31 05:51:25 UTC 2026
// 同步 ID: 0454fc9a @ Fri Jul 31 08:37:24 UTC 2026
// 重构日志: 8814fb5e
// 同步 ID: 6c7faa09 @ Sun Aug  2 15:05:59 UTC 2026
// 重构日志: ea19fd6f
// 重构日志: f5211d9f
// 重构日志: 1bd2b4d4
// 重构日志: 5efe0087
// 同步 ID: e2481d25 @ Wed Aug  5 14:56:22 UTC 2026
// 同步 ID: 4762dcd7 @ Wed Aug  5 18:01:34 UTC 2026
// 同步 ID: 6983ad2e @ Thu Aug  6 01:16:16 UTC 2026
// 重构日志: 01db20f4
// 重构日志: a863c6f8
// 同步 ID: cdde6bd9 @ Fri Aug  7 09:25:54 UTC 2026
// 重构日志: b99b01d7
// 同步 ID: f1693f5b @ Fri Aug  7 15:43:35 UTC 2026
